FILE_TYPE=LIBRARY_PARTS;
PRIMITIVE 'B02P_XL_HDS___LF__SN_','B02P_XL_HDS___LF__SN__Header, Shrouded - Straight PTH Box';
  PIN
    '1':
      PIN_NUMBER='(1)';
      NO_LOAD_CHECK=BOTH;
      NO_IO_CHECK=BOTH;
      ALLOW_CONNECT=TRUE;
      PINUSE='UNSPEC';
    '2':
      PIN_NUMBER='(2)';
      NO_LOAD_CHECK=BOTH;
      NO_IO_CHECK=BOTH;
      ALLOW_CONNECT=TRUE;
      PINUSE='UNSPEC';
  END_PIN;
  BODY
    PART_NAME='B02P_XL_HDS___LF__SN_';
    PHYS_DES_PREFIX='J';
    NO_LOAD_CHECK='TRUE';
    PIN_COUNT='2';
    BODY_NAME='B02P_XL_HDS___LF__SN_';
    JEDEC_TYPE='SHDR2W120P580X500_2X1_790X1380X1460P';
  END_BODY;
END_PRIMITIVE;
END.
